---
http_interactions:
- request:
    method: get
    uri: https://glossier-pop-staging.myshopify.com/admin/products/.json
    body:
      encoding: US-ASCII
      string: ''
    headers:
      Authorization:
      - Basic MWI3ZjYzYmYyNDg4MzFjN2FlMmJlYWNmOWJjMzBiYmI6YjFjOTE1NTE1ZDA4ZTIwMzc5MzBhODQ0Zjc0MzY2MTA=
      Accept:
      - application/json
      User-Agent:
      - ShopifyAPI/4.3.2 ActiveResource/4.1.0 Ruby/2.3.1
      Accept-Encoding:
      - gzip;q=1.0,deflate;q=0.6,identity;q=0.3
  response:
    status:
      code: 404
      message: Not Found
    headers:
      Server:
      - nginx
      Date:
      - Thu, 29 Sep 2016 15:05:20 GMT
      Content-Type:
      - application/json; charset=utf-8
      Transfer-Encoding:
      - chunked
      Connection:
      - keep-alive
      Vary:
      - Accept-Encoding
      X-Frame-Options:
      - DENY
      X-Shopid:
      - '6779563'
      X-Shardid:
      - '2'
      X-Shopify-Shop-Api-Call-Limit:
      - 11/40
      Http-X-Shopify-Shop-Api-Call-Limit:
      - 11/40
      X-Stats-Userid:
      - '0'
      X-Stats-Apiclientid:
      - '1413328'
      X-Stats-Apipermissionid:
      - '23658502'
      X-Xss-Protection:
      - 1; mode=block; report=/xss-report/c91cb9c2-7eb0-424c-af3c-eee27a8bf727?source%5Baction%5D=error_404&source%5Bcontroller%5D=admin%2Ferrors&source%5Bsection%5D=admin
      X-Request-Id:
      - c91cb9c2-7eb0-424c-af3c-eee27a8bf727
      X-Dc:
      - ash
      X-Download-Options:
      - noopen
      X-Permitted-Cross-Domain-Policies:
      - none
      X-Content-Type-Options:
      - nosniff
    body:
      encoding: ASCII-8BIT
      string: '{"errors":"Not Found"}'
    http_version: 
  recorded_at: Thu, 29 Sep 2016 15:05:21 GMT
- request:
    method: post
    uri: https://glossier-pop-staging.myshopify.com/admin/products.json
    body:
      encoding: UTF-8
      string: '{"product":{"title":"Product Name","body_html":"\u003cp\u003eAs seen
        on TV!\u003c/p\u003e","created_at":"2016-09-29T15:05:20.816Z","updated_at":"2016-09-29T15:05:20.834Z","published_at":"2015-09-29T15:05:20.793Z","vendor":"Default
        Vendor","handle":"product-name","variants":[{"weight":"0.0","weight_unit":"oz","price":"19.99","sku":"SKU-32","inventory_management":"shopify","updated_at":"2016-09-29T15:05:20.829Z","option1":"SKU-32"}]}}'
    headers:
      Authorization:
      - Basic MWI3ZjYzYmYyNDg4MzFjN2FlMmJlYWNmOWJjMzBiYmI6YjFjOTE1NTE1ZDA4ZTIwMzc5MzBhODQ0Zjc0MzY2MTA=
      Content-Type:
      - application/json
      User-Agent:
      - ShopifyAPI/4.3.2 ActiveResource/4.1.0 Ruby/2.3.1
      Accept-Encoding:
      - gzip;q=1.0,deflate;q=0.6,identity;q=0.3
      Accept:
      - "*/*"
  response:
    status:
      code: 201
      message: Created
    headers:
      Server:
      - nginx
      Date:
      - Thu, 29 Sep 2016 15:05:21 GMT
      Content-Type:
      - application/json; charset=utf-8
      Transfer-Encoding:
      - chunked
      Connection:
      - keep-alive
      X-Frame-Options:
      - DENY
      X-Shopid:
      - '6779563'
      X-Shardid:
      - '2'
      X-Shopify-Shop-Api-Call-Limit:
      - 11/40
      Http-X-Shopify-Shop-Api-Call-Limit:
      - 11/40
      X-Stats-Userid:
      - '0'
      X-Stats-Apiclientid:
      - '1413328'
      X-Stats-Apipermissionid:
      - '23658502'
      Location:
      - https://glossier-pop-staging.myshopify.com/admin/products/8661777155
      X-Xss-Protection:
      - 1; mode=block; report=/xss-report/e046f416-5ad8-4340-953f-e0cb7291eb48?source%5Baction%5D=create&source%5Bcontroller%5D=admin%2Fproducts&source%5Bsection%5D=admin
      X-Request-Id:
      - e046f416-5ad8-4340-953f-e0cb7291eb48
      P3p:
      - CP="NOI DSP COR NID ADMa OPTa OUR NOR"
      X-Dc:
      - ash
      X-Download-Options:
      - noopen
      X-Permitted-Cross-Domain-Policies:
      - none
      X-Content-Type-Options:
      - nosniff
      - nosniff
    body:
      encoding: UTF-8
      string: '{"product":{"id":8661777155,"title":"Product Name","body_html":"\u003cp\u003eAs
        seen on TV!\u003c\/p\u003e","vendor":"Default Vendor","product_type":"","created_at":"2016-09-29T11:05:21-04:00","handle":"product-name","updated_at":"2016-09-29T11:05:21-04:00","published_at":"2015-09-29T11:05:20-04:00","template_suffix":null,"published_scope":"global","tags":"","variants":[{"id":29028464835,"product_id":8661777155,"title":"SKU-32","price":"19.99","sku":"SKU-32","position":1,"grams":0,"inventory_policy":"deny","compare_at_price":null,"fulfillment_service":"manual","inventory_management":"shopify","option1":"SKU-32","option2":null,"option3":null,"created_at":"2016-09-29T11:05:21-04:00","updated_at":"2016-09-29T11:05:21-04:00","taxable":true,"barcode":null,"image_id":null,"inventory_quantity":1,"weight":0.0,"weight_unit":"oz","old_inventory_quantity":1,"requires_shipping":true}],"options":[{"id":10399634051,"product_id":8661777155,"name":"Title","position":1,"values":["SKU-32"]}],"images":[],"image":null}}'
    http_version: 
  recorded_at: Thu, 29 Sep 2016 15:05:21 GMT
- request:
    method: get
    uri: https://glossier-pop-staging.myshopify.com/admin/products/8661777155.json
    body:
      encoding: US-ASCII
      string: ''
    headers:
      Authorization:
      - Basic MWI3ZjYzYmYyNDg4MzFjN2FlMmJlYWNmOWJjMzBiYmI6YjFjOTE1NTE1ZDA4ZTIwMzc5MzBhODQ0Zjc0MzY2MTA=
      Accept:
      - application/json
      User-Agent:
      - ShopifyAPI/4.3.2 ActiveResource/4.1.0 Ruby/2.3.1
      Accept-Encoding:
      - gzip;q=1.0,deflate;q=0.6,identity;q=0.3
  response:
    status:
      code: 200
      message: OK
    headers:
      Server:
      - nginx
      Date:
      - Thu, 29 Sep 2016 15:05:21 GMT
      Content-Type:
      - application/json; charset=utf-8
      Transfer-Encoding:
      - chunked
      Connection:
      - keep-alive
      Vary:
      - Accept-Encoding
      X-Frame-Options:
      - DENY
      X-Shopid:
      - '6779563'
      X-Shardid:
      - '2'
      X-Shopify-Shop-Api-Call-Limit:
      - 12/40
      Http-X-Shopify-Shop-Api-Call-Limit:
      - 12/40
      X-Stats-Userid:
      - '0'
      X-Stats-Apiclientid:
      - '1413328'
      X-Stats-Apipermissionid:
      - '23658502'
      X-Xss-Protection:
      - 1; mode=block; report=/xss-report/25939bca-ea6d-4e43-b5f1-d89df95ce758?source%5Baction%5D=show&source%5Bcontroller%5D=admin%2Fproducts&source%5Bsection%5D=admin
      X-Request-Id:
      - 25939bca-ea6d-4e43-b5f1-d89df95ce758
      P3p:
      - CP="NOI DSP COR NID ADMa OPTa OUR NOR"
      X-Dc:
      - ash
      X-Download-Options:
      - noopen
      X-Permitted-Cross-Domain-Policies:
      - none
      X-Content-Type-Options:
      - nosniff
      - nosniff
    body:
      encoding: ASCII-8BIT
      string: '{"product":{"id":8661777155,"title":"Product Name","body_html":"\u003cp\u003eAs
        seen on TV!\u003c\/p\u003e","vendor":"Default Vendor","product_type":"","created_at":"2016-09-29T11:05:21-04:00","handle":"product-name","updated_at":"2016-09-29T11:05:21-04:00","published_at":"2015-09-29T11:05:20-04:00","template_suffix":null,"published_scope":"global","tags":"","variants":[{"id":29028464835,"product_id":8661777155,"title":"SKU-32","price":"19.99","sku":"SKU-32","position":1,"grams":0,"inventory_policy":"deny","compare_at_price":null,"fulfillment_service":"manual","inventory_management":"shopify","option1":"SKU-32","option2":null,"option3":null,"created_at":"2016-09-29T11:05:21-04:00","updated_at":"2016-09-29T11:05:21-04:00","taxable":true,"barcode":null,"image_id":null,"inventory_quantity":1,"weight":0.0,"weight_unit":"oz","old_inventory_quantity":1,"requires_shipping":true}],"options":[{"id":10399634051,"product_id":8661777155,"name":"Title","position":1,"values":["SKU-32"]}],"images":[],"image":null}}'
    http_version: 
  recorded_at: Thu, 29 Sep 2016 15:05:21 GMT
- request:
    method: put
    uri: https://glossier-pop-staging.myshopify.com/admin/products/8661777155.json
    body:
      encoding: UTF-8
      string: '{"product":{"id":8661777155,"title":"Product Name","body_html":"\u003cp\u003eAs
        seen on TV!\u003c/p\u003e","vendor":"Default Vendor","product_type":"","created_at":"2016-09-29T15:05:20.816Z","handle":"product-name","updated_at":"2016-09-29T15:05:21.416Z","published_at":"2015-09-29T15:05:20.793Z","template_suffix":null,"published_scope":"global","tags":"","variants":[{"id":29028464835,"title":"SKU-32","price":"19.99","sku":"SKU-32","position":1,"grams":0,"inventory_policy":"deny","compare_at_price":null,"fulfillment_service":"manual","inventory_management":"shopify","option1":"SKU-32","option2":null,"option3":null,"created_at":"2016-09-29T11:05:21-04:00","updated_at":"2016-09-29T11:05:21-04:00","taxable":true,"barcode":null,"image_id":null,"inventory_quantity":1,"weight":0.0,"weight_unit":"oz","old_inventory_quantity":1,"requires_shipping":true}],"options":[{"id":10399634051,"product_id":8661777155,"name":"Title","position":1,"values":["SKU-32"]}],"images":[{"variant_ids":["29028464835"],"attachment":null}],"image":null}}'
    headers:
      Authorization:
      - Basic MWI3ZjYzYmYyNDg4MzFjN2FlMmJlYWNmOWJjMzBiYmI6YjFjOTE1NTE1ZDA4ZTIwMzc5MzBhODQ0Zjc0MzY2MTA=
      Content-Type:
      - application/json
      User-Agent:
      - ShopifyAPI/4.3.2 ActiveResource/4.1.0 Ruby/2.3.1
      Accept-Encoding:
      - gzip;q=1.0,deflate;q=0.6,identity;q=0.3
      Accept:
      - "*/*"
  response:
    status:
      code: 200
      message: OK
    headers:
      Server:
      - nginx
      Date:
      - Thu, 29 Sep 2016 15:05:21 GMT
      Content-Type:
      - application/json; charset=utf-8
      Transfer-Encoding:
      - chunked
      Connection:
      - keep-alive
      Vary:
      - Accept-Encoding
      X-Frame-Options:
      - DENY
      X-Shopid:
      - '6779563'
      X-Shardid:
      - '2'
      X-Shopify-Shop-Api-Call-Limit:
      - 12/40
      Http-X-Shopify-Shop-Api-Call-Limit:
      - 12/40
      X-Stats-Userid:
      - '0'
      X-Stats-Apiclientid:
      - '1413328'
      X-Stats-Apipermissionid:
      - '23658502'
      Location:
      - https://glossier-pop-staging.myshopify.com/admin/products/8661777155
      X-Xss-Protection:
      - 1; mode=block; report=/xss-report/6789c7e2-8cdf-49f4-899d-76038e8a47d8?source%5Baction%5D=update&source%5Bcontroller%5D=admin%2Fproducts&source%5Bsection%5D=admin
      X-Request-Id:
      - 6789c7e2-8cdf-49f4-899d-76038e8a47d8
      P3p:
      - CP="NOI DSP COR NID ADMa OPTa OUR NOR"
      X-Dc:
      - ash
      X-Download-Options:
      - noopen
      X-Permitted-Cross-Domain-Policies:
      - none
      X-Content-Type-Options:
      - nosniff
      - nosniff
    body:
      encoding: ASCII-8BIT
      string: '{"product":{"id":8661777155,"title":"Product Name","body_html":"\u003cp\u003eAs
        seen on TV!\u003c\/p\u003e","vendor":"Default Vendor","product_type":"","created_at":"2016-09-29T11:05:21-04:00","handle":"product-name","updated_at":"2016-09-29T11:05:21-04:00","published_at":"2015-09-29T11:05:20-04:00","template_suffix":null,"published_scope":"global","tags":"","variants":[{"id":29028464835,"product_id":8661777155,"title":"SKU-32","price":"19.99","sku":"SKU-32","position":1,"grams":0,"inventory_policy":"deny","compare_at_price":null,"fulfillment_service":"manual","inventory_management":"shopify","option1":"SKU-32","option2":null,"option3":null,"created_at":"2016-09-29T11:05:21-04:00","updated_at":"2016-09-29T11:05:21-04:00","taxable":true,"barcode":null,"image_id":null,"inventory_quantity":1,"weight":0.0,"weight_unit":"oz","old_inventory_quantity":1,"requires_shipping":true}],"options":[{"id":10399634051,"product_id":8661777155,"name":"Title","position":1,"values":["SKU-32"]}],"images":[],"image":null}}'
    http_version: 
  recorded_at: Thu, 29 Sep 2016 15:05:21 GMT
- request:
    method: get
    uri: https://glossier-pop-staging.myshopify.com/admin/products/8661777155/variants/.json
    body:
      encoding: US-ASCII
      string: ''
    headers:
      Authorization:
      - Basic MWI3ZjYzYmYyNDg4MzFjN2FlMmJlYWNmOWJjMzBiYmI6YjFjOTE1NTE1ZDA4ZTIwMzc5MzBhODQ0Zjc0MzY2MTA=
      Accept:
      - application/json
      User-Agent:
      - ShopifyAPI/4.3.2 ActiveResource/4.1.0 Ruby/2.3.1
      Accept-Encoding:
      - gzip;q=1.0,deflate;q=0.6,identity;q=0.3
  response:
    status:
      code: 404
      message: Not Found
    headers:
      Server:
      - nginx
      Date:
      - Thu, 29 Sep 2016 15:05:22 GMT
      Content-Type:
      - application/json; charset=utf-8
      Transfer-Encoding:
      - chunked
      Connection:
      - keep-alive
      Vary:
      - Accept-Encoding
      X-Frame-Options:
      - DENY
      X-Shopid:
      - '6779563'
      X-Shardid:
      - '2'
      X-Shopify-Shop-Api-Call-Limit:
      - 12/40
      Http-X-Shopify-Shop-Api-Call-Limit:
      - 12/40
      X-Stats-Userid:
      - '0'
      X-Stats-Apiclientid:
      - '1413328'
      X-Stats-Apipermissionid:
      - '23658502'
      X-Xss-Protection:
      - 1; mode=block; report=/xss-report/1fbdca26-866d-44b4-acad-bdcf0e488b4c?source%5Baction%5D=error_404&source%5Bcontroller%5D=admin%2Ferrors&source%5Bsection%5D=admin
      X-Request-Id:
      - 1fbdca26-866d-44b4-acad-bdcf0e488b4c
      X-Dc:
      - ash
      X-Download-Options:
      - noopen
      X-Permitted-Cross-Domain-Policies:
      - none
      X-Content-Type-Options:
      - nosniff
    body:
      encoding: ASCII-8BIT
      string: '{"errors":"Not Found"}'
    http_version: 
  recorded_at: Thu, 29 Sep 2016 15:05:22 GMT
- request:
    method: post
    uri: https://glossier-pop-staging.myshopify.com/admin/products/8661777155/variants.json
    body:
      encoding: UTF-8
      string: '{"variant":{"weight":"0.0","weight_unit":"oz","price":"19.99","sku":"susan_sku","inventory_management":"shopify","updated_at":"2016-09-29T15:05:21.988Z","option1":"susan_sku"}}'
    headers:
      Authorization:
      - Basic MWI3ZjYzYmYyNDg4MzFjN2FlMmJlYWNmOWJjMzBiYmI6YjFjOTE1NTE1ZDA4ZTIwMzc5MzBhODQ0Zjc0MzY2MTA=
      Content-Type:
      - application/json
      User-Agent:
      - ShopifyAPI/4.3.2 ActiveResource/4.1.0 Ruby/2.3.1
      Accept-Encoding:
      - gzip;q=1.0,deflate;q=0.6,identity;q=0.3
      Accept:
      - "*/*"
  response:
    status:
      code: 201
      message: Created
    headers:
      Server:
      - nginx
      Date:
      - Thu, 29 Sep 2016 15:05:22 GMT
      Content-Type:
      - application/json; charset=utf-8
      Transfer-Encoding:
      - chunked
      Connection:
      - keep-alive
      X-Frame-Options:
      - DENY
      X-Shopid:
      - '6779563'
      X-Shardid:
      - '2'
      X-Shopify-Shop-Api-Call-Limit:
      - 13/40
      Http-X-Shopify-Shop-Api-Call-Limit:
      - 13/40
      X-Stats-Userid:
      - '0'
      X-Stats-Apiclientid:
      - '1413328'
      X-Stats-Apipermissionid:
      - '23658502'
      Location:
      - https://glossier-pop-staging.myshopify.com/admin/products/8661777155/variants
      X-Xss-Protection:
      - 1; mode=block; report=/xss-report/a9b6b47e-fdf0-4277-8368-4a34369e1e27?source%5Baction%5D=create&source%5Bcontroller%5D=admin%2Fproduct_variants&source%5Bsection%5D=admin
      X-Request-Id:
      - a9b6b47e-fdf0-4277-8368-4a34369e1e27
      P3p:
      - CP="NOI DSP COR NID ADMa OPTa OUR NOR"
      X-Dc:
      - ash
      X-Download-Options:
      - noopen
      X-Permitted-Cross-Domain-Policies:
      - none
      X-Content-Type-Options:
      - nosniff
      - nosniff
    body:
      encoding: UTF-8
      string: '{"variant":{"id":29028465603,"product_id":8661777155,"title":"susan_sku","price":"19.99","sku":"susan_sku","position":2,"grams":0,"inventory_policy":"deny","compare_at_price":null,"fulfillment_service":"manual","inventory_management":"shopify","option1":"susan_sku","option2":null,"option3":null,"created_at":"2016-09-29T11:05:22-04:00","updated_at":"2016-09-29T11:05:22-04:00","taxable":true,"barcode":null,"image_id":null,"inventory_quantity":1,"weight":0.0,"weight_unit":"oz","old_inventory_quantity":1,"requires_shipping":true}}'
    http_version: 
  recorded_at: Thu, 29 Sep 2016 15:05:22 GMT
- request:
    method: get
    uri: https://glossier-pop-staging.myshopify.com/admin/variants/29028465603.json
    body:
      encoding: US-ASCII
      string: ''
    headers:
      Authorization:
      - Basic MWI3ZjYzYmYyNDg4MzFjN2FlMmJlYWNmOWJjMzBiYmI6YjFjOTE1NTE1ZDA4ZTIwMzc5MzBhODQ0Zjc0MzY2MTA=
      Accept:
      - application/json
      User-Agent:
      - ShopifyAPI/4.3.2 ActiveResource/4.1.0 Ruby/2.3.1
      Accept-Encoding:
      - gzip;q=1.0,deflate;q=0.6,identity;q=0.3
  response:
    status:
      code: 200
      message: OK
    headers:
      Server:
      - nginx
      Date:
      - Thu, 29 Sep 2016 15:05:22 GMT
      Content-Type:
      - application/json; charset=utf-8
      Transfer-Encoding:
      - chunked
      Connection:
      - keep-alive
      Vary:
      - Accept-Encoding
      X-Frame-Options:
      - DENY
      X-Shopid:
      - '6779563'
      X-Shardid:
      - '2'
      X-Shopify-Shop-Api-Call-Limit:
      - 13/40
      Http-X-Shopify-Shop-Api-Call-Limit:
      - 13/40
      X-Stats-Userid:
      - '0'
      X-Stats-Apiclientid:
      - '1413328'
      X-Stats-Apipermissionid:
      - '23658502'
      X-Xss-Protection:
      - 1; mode=block; report=/xss-report/f1148a18-c299-4424-94a7-be1833dd5695?source%5Baction%5D=show&source%5Bcontroller%5D=admin%2Fproduct_variants&source%5Bsection%5D=admin
      X-Request-Id:
      - f1148a18-c299-4424-94a7-be1833dd5695
      P3p:
      - CP="NOI DSP COR NID ADMa OPTa OUR NOR"
      X-Dc:
      - ash
      X-Download-Options:
      - noopen
      X-Permitted-Cross-Domain-Policies:
      - none
      X-Content-Type-Options:
      - nosniff
      - nosniff
    body:
      encoding: ASCII-8BIT
      string: '{"variant":{"id":29028465603,"product_id":8661777155,"title":"susan_sku","price":"19.99","sku":"susan_sku","position":2,"grams":0,"inventory_policy":"deny","compare_at_price":null,"fulfillment_service":"manual","inventory_management":"shopify","option1":"susan_sku","option2":null,"option3":null,"created_at":"2016-09-29T11:05:22-04:00","updated_at":"2016-09-29T11:05:22-04:00","taxable":true,"barcode":null,"image_id":null,"inventory_quantity":1,"weight":0.0,"weight_unit":"oz","old_inventory_quantity":1,"requires_shipping":true}}'
    http_version: 
  recorded_at: Thu, 29 Sep 2016 15:05:22 GMT
- request:
    method: delete
    uri: https://glossier-pop-staging.myshopify.com/admin/products/8661777155/variants/29028465603.json
    body:
      encoding: US-ASCII
      string: ''
    headers:
      Authorization:
      - Basic MWI3ZjYzYmYyNDg4MzFjN2FlMmJlYWNmOWJjMzBiYmI6YjFjOTE1NTE1ZDA4ZTIwMzc5MzBhODQ0Zjc0MzY2MTA=
      Accept:
      - application/json
      User-Agent:
      - ShopifyAPI/4.3.2 ActiveResource/4.1.0 Ruby/2.3.1
      Accept-Encoding:
      - gzip;q=1.0,deflate;q=0.6,identity;q=0.3
  response:
    status:
      code: 200
      message: OK
    headers:
      Server:
      - nginx
      Date:
      - Thu, 29 Sep 2016 15:05:23 GMT
      Content-Type:
      - application/json; charset=utf-8
      Transfer-Encoding:
      - chunked
      Connection:
      - keep-alive
      Vary:
      - Accept-Encoding
      X-Frame-Options:
      - DENY
      X-Shopid:
      - '6779563'
      X-Shardid:
      - '2'
      X-Shopify-Shop-Api-Call-Limit:
      - 14/40
      Http-X-Shopify-Shop-Api-Call-Limit:
      - 14/40
      X-Stats-Userid:
      - '0'
      X-Stats-Apiclientid:
      - '1413328'
      X-Stats-Apipermissionid:
      - '23658502'
      Location:
      - "/admin/products"
      X-Xss-Protection:
      - 1; mode=block; report=/xss-report/1d513cb7-9f5b-474e-9977-9370c458c7ef?source%5Baction%5D=destroy&source%5Bcontroller%5D=admin%2Fproduct_variants&source%5Bsection%5D=admin
      X-Request-Id:
      - 1d513cb7-9f5b-474e-9977-9370c458c7ef
      P3p:
      - CP="NOI DSP COR NID ADMa OPTa OUR NOR"
      X-Dc:
      - ash
      X-Download-Options:
      - noopen
      X-Permitted-Cross-Domain-Policies:
      - none
      X-Content-Type-Options:
      - nosniff
      - nosniff
    body:
      encoding: ASCII-8BIT
      string: "{}"
    http_version: 
  recorded_at: Thu, 29 Sep 2016 15:05:23 GMT
- request:
    method: get
    uri: https://glossier-pop-staging.myshopify.com/admin/products/8661777155/variants/29028465603.json
    body:
      encoding: US-ASCII
      string: ''
    headers:
      Authorization:
      - Basic MWI3ZjYzYmYyNDg4MzFjN2FlMmJlYWNmOWJjMzBiYmI6YjFjOTE1NTE1ZDA4ZTIwMzc5MzBhODQ0Zjc0MzY2MTA=
      Accept:
      - application/json
      User-Agent:
      - ShopifyAPI/4.3.2 ActiveResource/4.1.0 Ruby/2.3.1
      Accept-Encoding:
      - gzip;q=1.0,deflate;q=0.6,identity;q=0.3
  response:
    status:
      code: 404
      message: Not Found
    headers:
      Server:
      - nginx
      Date:
      - Thu, 29 Sep 2016 15:05:23 GMT
      Content-Type:
      - application/json; charset=utf-8
      Transfer-Encoding:
      - chunked
      Connection:
      - keep-alive
      Vary:
      - Accept-Encoding
      X-Frame-Options:
      - DENY
      X-Shopid:
      - '6779563'
      X-Shardid:
      - '2'
      X-Shopify-Shop-Api-Call-Limit:
      - 14/40
      Http-X-Shopify-Shop-Api-Call-Limit:
      - 14/40
      X-Stats-Userid:
      - '0'
      X-Stats-Apiclientid:
      - '1413328'
      X-Stats-Apipermissionid:
      - '23658502'
      X-Xss-Protection:
      - 1; mode=block; report=/xss-report/1b8ec6b9-20ef-417a-bace-5318428f92a7?source%5Baction%5D=show&source%5Bcontroller%5D=admin%2Fproduct_variants&source%5Bsection%5D=admin
      X-Request-Id:
      - 1b8ec6b9-20ef-417a-bace-5318428f92a7
      X-Dc:
      - ash
      X-Download-Options:
      - noopen
      X-Permitted-Cross-Domain-Policies:
      - none
      X-Content-Type-Options:
      - nosniff
    body:
      encoding: ASCII-8BIT
      string: '{"errors":"Not Found"}'
    http_version: 
  recorded_at: Thu, 29 Sep 2016 15:05:23 GMT
- request:
    method: post
    uri: https://glossier-pop-staging.myshopify.com/admin/products/8661777155/variants.json
    body:
      encoding: UTF-8
      string: '{"variant":{"weight":"0.0","weight_unit":"oz","price":"19.99","sku":"susan_sku","inventory_management":"shopify","updated_at":"2016-09-29T15:05:22.650Z","option1":"susan_sku"}}'
    headers:
      Authorization:
      - Basic MWI3ZjYzYmYyNDg4MzFjN2FlMmJlYWNmOWJjMzBiYmI6YjFjOTE1NTE1ZDA4ZTIwMzc5MzBhODQ0Zjc0MzY2MTA=
      Content-Type:
      - application/json
      User-Agent:
      - ShopifyAPI/4.3.2 ActiveResource/4.1.0 Ruby/2.3.1
      Accept-Encoding:
      - gzip;q=1.0,deflate;q=0.6,identity;q=0.3
      Accept:
      - "*/*"
  response:
    status:
      code: 201
      message: Created
    headers:
      Server:
      - nginx
      Date:
      - Thu, 29 Sep 2016 15:05:23 GMT
      Content-Type:
      - application/json; charset=utf-8
      Transfer-Encoding:
      - chunked
      Connection:
      - keep-alive
      X-Frame-Options:
      - DENY
      X-Shopid:
      - '6779563'
      X-Shardid:
      - '2'
      X-Shopify-Shop-Api-Call-Limit:
      - 15/40
      Http-X-Shopify-Shop-Api-Call-Limit:
      - 15/40
      X-Stats-Userid:
      - '0'
      X-Stats-Apiclientid:
      - '1413328'
      X-Stats-Apipermissionid:
      - '23658502'
      Location:
      - https://glossier-pop-staging.myshopify.com/admin/products/8661777155/variants
      X-Xss-Protection:
      - 1; mode=block; report=/xss-report/cb3c2a85-ef05-4cb6-9f4b-ddaebf592a6d?source%5Baction%5D=create&source%5Bcontroller%5D=admin%2Fproduct_variants&source%5Bsection%5D=admin
      X-Request-Id:
      - cb3c2a85-ef05-4cb6-9f4b-ddaebf592a6d
      P3p:
      - CP="NOI DSP COR NID ADMa OPTa OUR NOR"
      X-Dc:
      - ash
      X-Download-Options:
      - noopen
      X-Permitted-Cross-Domain-Policies:
      - none
      X-Content-Type-Options:
      - nosniff
      - nosniff
    body:
      encoding: UTF-8
      string: '{"variant":{"id":29028466051,"product_id":8661777155,"title":"susan_sku","price":"19.99","sku":"susan_sku","position":2,"grams":0,"inventory_policy":"deny","compare_at_price":null,"fulfillment_service":"manual","inventory_management":"shopify","option1":"susan_sku","option2":null,"option3":null,"created_at":"2016-09-29T11:05:23-04:00","updated_at":"2016-09-29T11:05:23-04:00","taxable":true,"barcode":null,"image_id":null,"inventory_quantity":1,"weight":0.0,"weight_unit":"oz","old_inventory_quantity":1,"requires_shipping":true}}'
    http_version: 
  recorded_at: Thu, 29 Sep 2016 15:05:23 GMT
- request:
    method: get
    uri: https://glossier-pop-staging.myshopify.com/admin/products/8661777155.json
    body:
      encoding: US-ASCII
      string: ''
    headers:
      Authorization:
      - Basic MWI3ZjYzYmYyNDg4MzFjN2FlMmJlYWNmOWJjMzBiYmI6YjFjOTE1NTE1ZDA4ZTIwMzc5MzBhODQ0Zjc0MzY2MTA=
      Accept:
      - application/json
      User-Agent:
      - ShopifyAPI/4.3.2 ActiveResource/4.1.0 Ruby/2.3.1
      Accept-Encoding:
      - gzip;q=1.0,deflate;q=0.6,identity;q=0.3
  response:
    status:
      code: 200
      message: OK
    headers:
      Server:
      - nginx
      Date:
      - Thu, 29 Sep 2016 15:05:23 GMT
      Content-Type:
      - application/json; charset=utf-8
      Transfer-Encoding:
      - chunked
      Connection:
      - keep-alive
      Vary:
      - Accept-Encoding
      X-Frame-Options:
      - DENY
      X-Shopid:
      - '6779563'
      X-Shardid:
      - '2'
      X-Shopify-Shop-Api-Call-Limit:
      - 15/40
      Http-X-Shopify-Shop-Api-Call-Limit:
      - 15/40
      X-Stats-Userid:
      - '0'
      X-Stats-Apiclientid:
      - '1413328'
      X-Stats-Apipermissionid:
      - '23658502'
      X-Xss-Protection:
      - 1; mode=block; report=/xss-report/08811d27-be2d-419d-86e6-a69f29e6e433?source%5Baction%5D=show&source%5Bcontroller%5D=admin%2Fproducts&source%5Bsection%5D=admin
      X-Request-Id:
      - 08811d27-be2d-419d-86e6-a69f29e6e433
      P3p:
      - CP="NOI DSP COR NID ADMa OPTa OUR NOR"
      X-Dc:
      - ash
      X-Download-Options:
      - noopen
      X-Permitted-Cross-Domain-Policies:
      - none
      X-Content-Type-Options:
      - nosniff
      - nosniff
    body:
      encoding: ASCII-8BIT
      string: '{"product":{"id":8661777155,"title":"Product Name","body_html":"\u003cp\u003eAs
        seen on TV!\u003c\/p\u003e","vendor":"Default Vendor","product_type":"","created_at":"2016-09-29T11:05:21-04:00","handle":"product-name","updated_at":"2016-09-29T11:05:23-04:00","published_at":"2015-09-29T11:05:20-04:00","template_suffix":null,"published_scope":"global","tags":"","variants":[{"id":29028464835,"product_id":8661777155,"title":"SKU-32","price":"19.99","sku":"SKU-32","position":1,"grams":0,"inventory_policy":"deny","compare_at_price":null,"fulfillment_service":"manual","inventory_management":"shopify","option1":"SKU-32","option2":null,"option3":null,"created_at":"2016-09-29T11:05:21-04:00","updated_at":"2016-09-29T11:05:21-04:00","taxable":true,"barcode":null,"image_id":null,"inventory_quantity":1,"weight":0.0,"weight_unit":"oz","old_inventory_quantity":1,"requires_shipping":true},{"id":29028466051,"product_id":8661777155,"title":"susan_sku","price":"19.99","sku":"susan_sku","position":2,"grams":0,"inventory_policy":"deny","compare_at_price":null,"fulfillment_service":"manual","inventory_management":"shopify","option1":"susan_sku","option2":null,"option3":null,"created_at":"2016-09-29T11:05:23-04:00","updated_at":"2016-09-29T11:05:23-04:00","taxable":true,"barcode":null,"image_id":null,"inventory_quantity":1,"weight":0.0,"weight_unit":"oz","old_inventory_quantity":1,"requires_shipping":true}],"options":[{"id":10399634051,"product_id":8661777155,"name":"Title","position":1,"values":["SKU-32","susan_sku"]}],"images":[],"image":null}}'
    http_version: 
  recorded_at: Thu, 29 Sep 2016 15:05:23 GMT
- request:
    method: delete
    uri: https://glossier-pop-staging.myshopify.com/admin/products/8661777155.json
    body:
      encoding: US-ASCII
      string: ''
    headers:
      Authorization:
      - Basic MWI3ZjYzYmYyNDg4MzFjN2FlMmJlYWNmOWJjMzBiYmI6YjFjOTE1NTE1ZDA4ZTIwMzc5MzBhODQ0Zjc0MzY2MTA=
      Accept:
      - application/json
      User-Agent:
      - ShopifyAPI/4.3.2 ActiveResource/4.1.0 Ruby/2.3.1
      Accept-Encoding:
      - gzip;q=1.0,deflate;q=0.6,identity;q=0.3
  response:
    status:
      code: 200
      message: OK
    headers:
      Server:
      - nginx
      Date:
      - Thu, 29 Sep 2016 15:05:24 GMT
      Content-Type:
      - application/json; charset=utf-8
      Transfer-Encoding:
      - chunked
      Connection:
      - keep-alive
      Vary:
      - Accept-Encoding
      X-Frame-Options:
      - DENY
      X-Shopid:
      - '6779563'
      X-Shardid:
      - '2'
      X-Shopify-Shop-Api-Call-Limit:
      - 16/40
      Http-X-Shopify-Shop-Api-Call-Limit:
      - 16/40
      X-Stats-Userid:
      - '0'
      X-Stats-Apiclientid:
      - '1413328'
      X-Stats-Apipermissionid:
      - '23658502'
      Location:
      - https://glossier-pop-staging.myshopify.com/admin/products
      X-Xss-Protection:
      - 1; mode=block; report=/xss-report/2ff1a5e7-0885-46f3-946d-6987b899f4b3?source%5Baction%5D=destroy&source%5Bcontroller%5D=admin%2Fproducts&source%5Bsection%5D=admin
      X-Request-Id:
      - 2ff1a5e7-0885-46f3-946d-6987b899f4b3
      P3p:
      - CP="NOI DSP COR NID ADMa OPTa OUR NOR"
      X-Dc:
      - ash
      X-Download-Options:
      - noopen
      X-Permitted-Cross-Domain-Policies:
      - none
      X-Content-Type-Options:
      - nosniff
      - nosniff
    body:
      encoding: ASCII-8BIT
      string: "{}"
    http_version: 
  recorded_at: Thu, 29 Sep 2016 15:05:24 GMT
recorded_with: VCR 3.0.3
